2026-04-26 19:45:16 0 [Note] Starting MariaDB 10.11.14-MariaDB source revision 053f9bcb5b147bf00edb99e1310bae9125b7f125 server_uid aCnIaZ+xOHbuSxdL8enjRnmn0q0= as process 352
2026-04-26 19:45:16 0 [Note] InnoDB: Compressed tables use zlib 1.3.1
2026-04-26 19:45:16 0 [Note] InnoDB: Number of transaction pools: 1
2026-04-26 19:45:16 0 [Note] InnoDB: Using crc32 + pclmulqdq instructions
2026-04-26 19:45:16 0 [Note] mariadbd: O_TMPFILE is not supported on /var/tmp (disabling future attempts)
2026-04-26 19:45:16 0 [Note] InnoDB: Using Linux native AIO
2026-04-26 19:45:16 0 [Note] InnoDB: innodb_buffer_pool_size_max=128m, innodb_buffer_pool_size=128m
2026-04-26 19:45:16 0 [Note] InnoDB: Completed initialization of buffer pool
2026-04-26 19:45:16 0 [Note] InnoDB: Buffered log writes (block size=512 bytes)
2026-04-26 19:45:16 0 [Note] InnoDB: End of log at LSN=163534
2026-04-26 19:45:16 0 [Note] InnoDB: 128 rollback segments are active.
2026-04-26 19:45:16 0 [Note] InnoDB: Setting file './ibtmp1' size to 12.000MiB. Physically writing the file full; Please wait ...
2026-04-26 19:45:16 0 [Note] InnoDB: File './ibtmp1' size is now 12.000MiB.
2026-04-26 19:45:16 0 [Note] InnoDB: log sequence number 163534; transaction id 133
2026-04-26 19:45:16 0 [Note] InnoDB: Loading buffer pool(s) from /var/lib/mysql/ib_buffer_pool
2026-04-26 19:45:16 0 [Note] Plugin 'FEEDBACK' is disabled.
2026-04-26 19:45:16 0 [Note] Server socket created on IP: '0.0.0.0', port: '3306'.
2026-04-26 19:45:16 0 [Note] Server socket created on IP: '::', port: '3306'.
2026-04-26 19:45:16 0 [Note] /usr/bin/mariadbd: ready for connections.
Version: '10.11.14-MariaDB'  socket: '/run/mysqld/mysqld.sock'  port: 3306  Alpine Linux
2026-04-26 19:45:16 0 [Note] InnoDB: Buffer pool(s) load completed at 260426 19:45:16
2026-04-26 19:50:12 0 [Note] Starting MariaDB 10.11.14-MariaDB source revision 053f9bcb5b147bf00edb99e1310bae9125b7f125 server_uid GGdBo2X2UEyCil55R9vQBAtrVMo= as process 352
2026-04-26 19:50:12 0 [Note] InnoDB: Compressed tables use zlib 1.3.1
2026-04-26 19:50:12 0 [Note] InnoDB: Number of transaction pools: 1
2026-04-26 19:50:12 0 [Note] InnoDB: Using crc32 + pclmulqdq instructions
2026-04-26 19:50:12 0 [Note] mariadbd: O_TMPFILE is not supported on /var/tmp (disabling future attempts)
2026-04-26 19:50:12 0 [Note] InnoDB: Using Linux native AIO
2026-04-26 19:50:12 0 [Note] InnoDB: innodb_buffer_pool_size_max=128m, innodb_buffer_pool_size=128m
2026-04-26 19:50:12 0 [Note] InnoDB: Completed initialization of buffer pool
2026-04-26 19:50:12 0 [Note] InnoDB: Buffered log writes (block size=512 bytes)
2026-04-26 19:50:12 0 [Note] InnoDB: End of log at LSN=166312
2026-04-26 19:50:13 0 [Note] InnoDB: 128 rollback segments are active.
2026-04-26 19:50:13 0 [Note] InnoDB: Setting file './ibtmp1' size to 12.000MiB. Physically writing the file full; Please wait ...
2026-04-26 19:50:13 0 [Note] InnoDB: File './ibtmp1' size is now 12.000MiB.
2026-04-26 19:50:13 0 [Note] InnoDB: log sequence number 166312; transaction id 133
2026-04-26 19:50:13 0 [Note] InnoDB: Loading buffer pool(s) from /var/lib/mysql/ib_buffer_pool
2026-04-26 19:50:13 0 [Note] Plugin 'FEEDBACK' is disabled.
2026-04-26 19:50:13 0 [Note] Server socket created on IP: '0.0.0.0', port: '3306'.
2026-04-26 19:50:13 0 [Note] Server socket created on IP: '::', port: '3306'.
2026-04-26 19:50:13 0 [Note] /usr/bin/mariadbd: ready for connections.
Version: '10.11.14-MariaDB'  socket: '/run/mysqld/mysqld.sock'  port: 3306  Alpine Linux
2026-04-26 19:50:13 0 [Note] InnoDB: Buffer pool(s) load completed at 260426 19:50:13
2026-04-26 19:52:45 0 [Note] Starting MariaDB 10.11.14-MariaDB source revision 053f9bcb5b147bf00edb99e1310bae9125b7f125 server_uid 1eolQW+KurZCF35reDdORuQSjBw= as process 349
2026-04-26 19:52:45 0 [Note] InnoDB: Compressed tables use zlib 1.3.1
2026-04-26 19:52:45 0 [Note] InnoDB: Number of transaction pools: 1
2026-04-26 19:52:45 0 [Note] InnoDB: Using crc32 + pclmulqdq instructions
2026-04-26 19:52:45 0 [Note] mariadbd: O_TMPFILE is not supported on /var/tmp (disabling future attempts)
2026-04-26 19:52:45 0 [Note] InnoDB: Using Linux native AIO
2026-04-26 19:52:45 0 [Note] InnoDB: innodb_buffer_pool_size_max=128m, innodb_buffer_pool_size=128m
2026-04-26 19:52:45 0 [Note] InnoDB: Completed initialization of buffer pool
2026-04-26 19:52:45 0 [Note] InnoDB: Buffered log writes (block size=512 bytes)
2026-04-26 19:52:45 0 [Note] InnoDB: End of log at LSN=162870
2026-04-26 19:52:45 0 [Note] InnoDB: 128 rollback segments are active.
2026-04-26 19:52:45 0 [Note] InnoDB: Setting file './ibtmp1' size to 12.000MiB. Physically writing the file full; Please wait ...
2026-04-26 19:52:45 0 [Note] InnoDB: File './ibtmp1' size is now 12.000MiB.
2026-04-26 19:52:45 0 [Note] InnoDB: log sequence number 162870; transaction id 133
2026-04-26 19:52:45 0 [Note] InnoDB: Loading buffer pool(s) from /var/lib/mysql/ib_buffer_pool
2026-04-26 19:52:45 0 [Note] Plugin 'FEEDBACK' is disabled.
2026-04-26 19:52:46 0 [Note] Server socket created on IP: '0.0.0.0', port: '3306'.
2026-04-26 19:52:46 0 [Note] Server socket created on IP: '::', port: '3306'.
2026-04-26 19:52:46 0 [Note] /usr/bin/mariadbd: ready for connections.
Version: '10.11.14-MariaDB'  socket: '/run/mysqld/mysqld.sock'  port: 3306  Alpine Linux
2026-04-26 19:52:46 0 [Note] InnoDB: Buffer pool(s) load completed at 260426 19:52:46
2026-04-26 19:55:28 0 [Note] Starting MariaDB 10.11.14-MariaDB source revision 053f9bcb5b147bf00edb99e1310bae9125b7f125 server_uid gpOj07sKo5uGtGT/Auj8XOzz1KE= as process 357
2026-04-26 19:55:28 0 [Note] InnoDB: Compressed tables use zlib 1.3.1
2026-04-26 19:55:28 0 [Note] InnoDB: Number of transaction pools: 1
2026-04-26 19:55:28 0 [Note] InnoDB: Using crc32 + pclmulqdq instructions
2026-04-26 19:55:28 0 [Note] mariadbd: O_TMPFILE is not supported on /var/tmp (disabling future attempts)
2026-04-26 19:55:28 0 [Note] InnoDB: Using Linux native AIO
2026-04-26 19:55:28 0 [Note] InnoDB: innodb_buffer_pool_size_max=128m, innodb_buffer_pool_size=128m
2026-04-26 19:55:28 0 [Note] InnoDB: Completed initialization of buffer pool
2026-04-26 19:55:28 0 [Note] InnoDB: Buffered log writes (block size=512 bytes)
2026-04-26 19:55:28 0 [Note] InnoDB: End of log at LSN=168323
2026-04-26 19:55:28 0 [Note] InnoDB: 128 rollback segments are active.
2026-04-26 19:55:28 0 [Note] InnoDB: Setting file './ibtmp1' size to 12.000MiB. Physically writing the file full; Please wait ...
2026-04-26 19:55:28 0 [Note] InnoDB: File './ibtmp1' size is now 12.000MiB.
2026-04-26 19:55:28 0 [Note] InnoDB: log sequence number 168323; transaction id 133
2026-04-26 19:55:28 0 [Note] InnoDB: Loading buffer pool(s) from /var/lib/mysql/ib_buffer_pool
2026-04-26 19:55:28 0 [Note] Plugin 'FEEDBACK' is disabled.
2026-04-26 19:55:28 0 [Note] Server socket created on IP: '0.0.0.0', port: '3306'.
2026-04-26 19:55:28 0 [Note] Server socket created on IP: '::', port: '3306'.
2026-04-26 19:55:28 0 [Note] InnoDB: Buffer pool(s) load completed at 260426 19:55:28
2026-04-26 19:55:28 0 [Note] /usr/bin/mariadbd: ready for connections.
Version: '10.11.14-MariaDB'  socket: '/run/mysqld/mysqld.sock'  port: 3306  Alpine Linux
2026-04-26 20:08:33 0 [Note] Starting MariaDB 10.11.14-MariaDB source revision 053f9bcb5b147bf00edb99e1310bae9125b7f125 server_uid g8906PfZFFAivun0QPJGCjGoyas= as process 352
2026-04-26 20:08:33 0 [Note] InnoDB: Compressed tables use zlib 1.3.1
2026-04-26 20:08:33 0 [Note] InnoDB: Number of transaction pools: 1
2026-04-26 20:08:33 0 [Note] InnoDB: Using crc32 + pclmulqdq instructions
2026-04-26 20:08:33 0 [Note] mariadbd: O_TMPFILE is not supported on /var/tmp (disabling future attempts)
2026-04-26 20:08:33 0 [Note] InnoDB: Using Linux native AIO
2026-04-26 20:08:33 0 [Note] InnoDB: innodb_buffer_pool_size_max=128m, innodb_buffer_pool_size=128m
2026-04-26 20:08:33 0 [Note] InnoDB: Completed initialization of buffer pool
2026-04-26 20:08:33 0 [Note] InnoDB: Buffered log writes (block size=512 bytes)
2026-04-26 20:08:34 0 [Note] InnoDB: End of log at LSN=172891
2026-04-26 20:08:34 0 [Note] InnoDB: 128 rollback segments are active.
2026-04-26 20:08:34 0 [Note] InnoDB: Setting file './ibtmp1' size to 12.000MiB. Physically writing the file full; Please wait ...
2026-04-26 20:08:34 0 [Note] InnoDB: File './ibtmp1' size is now 12.000MiB.
2026-04-26 20:08:34 0 [Note] InnoDB: log sequence number 172891; transaction id 139
2026-04-26 20:08:34 0 [Note] InnoDB: Loading buffer pool(s) from /var/lib/mysql/ib_buffer_pool
2026-04-26 20:08:34 0 [Note] Plugin 'FEEDBACK' is disabled.
2026-04-26 20:08:34 0 [Note] Server socket created on IP: '0.0.0.0', port: '3306'.
2026-04-26 20:08:34 0 [Note] Server socket created on IP: '::', port: '3306'.
2026-04-26 20:08:34 0 [Note] /usr/bin/mariadbd: ready for connections.
Version: '10.11.14-MariaDB'  socket: '/run/mysqld/mysqld.sock'  port: 3306  Alpine Linux
2026-04-26 20:08:34 0 [Note] InnoDB: Buffer pool(s) load completed at 260426 20:08:34
2026-04-26 20:18:02 0 [Note] Starting MariaDB 10.11.14-MariaDB source revision 053f9bcb5b147bf00edb99e1310bae9125b7f125 server_uid 6nhVmPN4uXX3AOrHcA7jNZJ0jPQ= as process 352
2026-04-26 20:18:02 0 [Note] InnoDB: Compressed tables use zlib 1.3.1
2026-04-26 20:18:02 0 [Note] InnoDB: Number of transaction pools: 1
2026-04-26 20:18:02 0 [Note] InnoDB: Using crc32 + pclmulqdq instructions
2026-04-26 20:18:02 0 [Note] mariadbd: O_TMPFILE is not supported on /var/tmp (disabling future attempts)
2026-04-26 20:18:02 0 [Note] InnoDB: Using Linux native AIO
2026-04-26 20:18:02 0 [Note] InnoDB: innodb_buffer_pool_size_max=128m, innodb_buffer_pool_size=128m
2026-04-26 20:18:02 0 [Note] InnoDB: Completed initialization of buffer pool
2026-04-26 20:18:02 0 [Note] InnoDB: Buffered log writes (block size=512 bytes)
2026-04-26 20:18:03 0 [Note] InnoDB: End of log at LSN=171257
2026-04-26 20:18:03 0 [Note] InnoDB: 128 rollback segments are active.
2026-04-26 20:18:03 0 [Note] InnoDB: Setting file './ibtmp1' size to 12.000MiB. Physically writing the file full; Please wait ...
2026-04-26 20:18:03 0 [Note] InnoDB: File './ibtmp1' size is now 12.000MiB.
2026-04-26 20:18:03 0 [Note] InnoDB: log sequence number 171257; transaction id 139
2026-04-26 20:18:03 0 [Note] InnoDB: Loading buffer pool(s) from /var/lib/mysql/ib_buffer_pool
2026-04-26 20:18:03 0 [Note] Plugin 'FEEDBACK' is disabled.
2026-04-26 20:18:03 0 [Note] Server socket created on IP: '0.0.0.0', port: '3306'.
2026-04-26 20:18:03 0 [Note] Server socket created on IP: '::', port: '3306'.
2026-04-26 20:18:03 0 [Note] /usr/bin/mariadbd: ready for connections.
Version: '10.11.14-MariaDB'  socket: '/run/mysqld/mysqld.sock'  port: 3306  Alpine Linux
2026-04-26 20:18:03 0 [Note] InnoDB: Buffer pool(s) load completed at 260426 20:18:03
2026-04-26 20:21:05 3 [Warning] Aborted connection 3 to db: 'pnbrad' user: 'root' host: 'localhost' (Got an error reading communication packets)
2026-04-26 20:21:05 0 [Note] /usr/bin/mariadbd (initiated by: unknown): Normal shutdown
2026-04-26 20:21:05 0 [Note] InnoDB: FTS optimize thread exiting.
2026-04-26 20:21:05 0 [Note] InnoDB: Starting shutdown...
2026-04-26 20:21:05 0 [Note] InnoDB: Dumping buffer pool(s) to /var/lib/mysql/ib_buffer_pool
2026-04-26 20:21:05 0 [Note] InnoDB: Buffer pool(s) dump completed at 260426 20:21:05
2026-04-26 20:21:05 0 [Note] InnoDB: Removed temporary tablespace data file: "./ibtmp1"
2026-04-26 20:21:05 0 [Note] InnoDB: Shutdown completed; log sequence number 196844; transaction id 159
2026-04-26 20:21:05 0 [Note] /usr/bin/mariadbd: Shutdown complete
2026-04-26 20:21:21 0 [Note] Starting MariaDB 10.11.14-MariaDB source revision 053f9bcb5b147bf00edb99e1310bae9125b7f125 server_uid qXl8RWrV58liCJgBplIADeKu+pY= as process 352
2026-04-26 20:21:21 0 [Note] InnoDB: Compressed tables use zlib 1.3.1
2026-04-26 20:21:21 0 [Note] InnoDB: Number of transaction pools: 1
2026-04-26 20:21:21 0 [Note] InnoDB: Using crc32 + pclmulqdq instructions
2026-04-26 20:21:21 0 [Note] mariadbd: O_TMPFILE is not supported on /var/tmp (disabling future attempts)
2026-04-26 20:21:21 0 [Note] InnoDB: Using Linux native AIO
2026-04-26 20:21:21 0 [Note] InnoDB: innodb_buffer_pool_size_max=128m, innodb_buffer_pool_size=128m
2026-04-26 20:21:21 0 [Note] InnoDB: Completed initialization of buffer pool
2026-04-26 20:21:21 0 [Note] InnoDB: Buffered log writes (block size=512 bytes)
2026-04-26 20:21:21 0 [Note] InnoDB: End of log at LSN=164871
2026-04-26 20:21:21 0 [Note] InnoDB: 128 rollback segments are active.
2026-04-26 20:21:21 0 [Note] InnoDB: Setting file './ibtmp1' size to 12.000MiB. Physically writing the file full; Please wait ...
2026-04-26 20:21:21 0 [Note] InnoDB: File './ibtmp1' size is now 12.000MiB.
2026-04-26 20:21:21 0 [Note] InnoDB: log sequence number 164871; transaction id 139
2026-04-26 20:21:21 0 [Note] InnoDB: Loading buffer pool(s) from /var/lib/mysql/ib_buffer_pool
2026-04-26 20:21:21 0 [Note] Plugin 'FEEDBACK' is disabled.
2026-04-26 20:21:21 0 [Note] Server socket created on IP: '0.0.0.0', port: '3306'.
2026-04-26 20:21:21 0 [Note] Server socket created on IP: '::', port: '3306'.
2026-04-26 20:21:21 0 [Note] /usr/bin/mariadbd: ready for connections.
Version: '10.11.14-MariaDB'  socket: '/run/mysqld/mysqld.sock'  port: 3306  Alpine Linux
2026-04-26 20:21:21 0 [Note] InnoDB: Buffer pool(s) load completed at 260426 20:21:21
2026-04-26 20:33:32 0 [Note] Starting MariaDB 10.11.14-MariaDB source revision 053f9bcb5b147bf00edb99e1310bae9125b7f125 server_uid cJIAN2do8RJR6smjaMhpEce6y6E= as process 352
2026-04-26 20:33:32 0 [Note] InnoDB: Compressed tables use zlib 1.3.1
2026-04-26 20:33:32 0 [Note] InnoDB: Number of transaction pools: 1
2026-04-26 20:33:32 0 [Note] InnoDB: Using crc32 + pclmulqdq instructions
2026-04-26 20:33:32 0 [Note] mariadbd: O_TMPFILE is not supported on /var/tmp (disabling future attempts)
2026-04-26 20:33:32 0 [Note] InnoDB: Using Linux native AIO
2026-04-26 20:33:32 0 [Note] InnoDB: innodb_buffer_pool_size_max=128m, innodb_buffer_pool_size=128m
2026-04-26 20:33:32 0 [Note] InnoDB: Completed initialization of buffer pool
2026-04-26 20:33:32 0 [Note] InnoDB: Buffered log writes (block size=512 bytes)
2026-04-26 20:33:32 0 [Note] InnoDB: End of log at LSN=165491
2026-04-26 20:33:33 0 [Note] InnoDB: 128 rollback segments are active.
2026-04-26 20:33:33 0 [Note] InnoDB: Setting file './ibtmp1' size to 12.000MiB. Physically writing the file full; Please wait ...
2026-04-26 20:33:33 0 [Note] InnoDB: File './ibtmp1' size is now 12.000MiB.
2026-04-26 20:33:33 0 [Note] InnoDB: log sequence number 165491; transaction id 139
2026-04-26 20:33:33 0 [Note] InnoDB: Loading buffer pool(s) from /var/lib/mysql/ib_buffer_pool
2026-04-26 20:33:33 0 [Note] Plugin 'FEEDBACK' is disabled.
2026-04-26 20:33:33 0 [Note] Server socket created on IP: '0.0.0.0', port: '3306'.
2026-04-26 20:33:33 0 [Note] Server socket created on IP: '::', port: '3306'.
2026-04-26 20:33:33 0 [Note] /usr/bin/mariadbd: ready for connections.
Version: '10.11.14-MariaDB'  socket: '/run/mysqld/mysqld.sock'  port: 3306  Alpine Linux
2026-04-26 20:33:33 0 [Note] InnoDB: Buffer pool(s) load completed at 260426 20:33:33
2026-04-26 20:33:33 3 [Warning] Access denied for user 'root'@'localhost' (using password: YES)
2026-04-26 20:33:34 10 [Warning] Access denied for user 'root'@'localhost' (using password: YES)
2026-04-26 20:33:35 11 [Warning] Access denied for user 'root'@'localhost' (using password: YES)
2026-04-26 20:33:36 12 [Warning] Access denied for user 'root'@'localhost' (using password: YES)
2026-04-26 20:33:37 13 [Warning] Access denied for user 'root'@'localhost' (using password: YES)
2026-04-26 20:33:38 14 [Warning] Access denied for user 'root'@'localhost' (using password: YES)
2026-04-26 20:33:39 15 [Warning] Access denied for user 'root'@'localhost' (using password: YES)
2026-04-26 20:33:40 16 [Warning] Access denied for user 'root'@'localhost' (using password: YES)
2026-04-26 20:33:41 17 [Warning] Access denied for user 'root'@'localhost' (using password: YES)
2026-04-26 20:33:42 18 [Warning] Access denied for user 'root'@'localhost' (using password: YES)
2026-04-26 20:33:43 19 [Warning] Access denied for user 'root'@'localhost' (using password: YES)
2026-04-26 20:33:44 20 [Warning] Access denied for user 'root'@'localhost' (using password: YES)
2026-04-26 20:33:45 21 [Warning] Access denied for user 'root'@'localhost' (using password: YES)
2026-04-26 20:33:46 22 [Warning] Access denied for user 'root'@'localhost' (using password: YES)
2026-04-26 20:33:47 23 [Warning] Access denied for user 'root'@'localhost' (using password: YES)
2026-04-26 20:33:48 24 [Warning] Access denied for user 'root'@'localhost' (using password: YES)
2026-04-26 20:33:49 25 [Warning] Access denied for user 'root'@'localhost' (using password: YES)
2026-04-26 20:33:50 26 [Warning] Access denied for user 'root'@'localhost' (using password: YES)
2026-04-26 20:33:51 27 [Warning] Access denied for user 'root'@'localhost' (using password: YES)
2026-04-26 20:33:52 28 [Warning] Access denied for user 'root'@'localhost' (using password: YES)
2026-04-26 20:33:53 29 [Warning] Access denied for user 'root'@'localhost' (using password: YES)
2026-04-26 20:33:54 30 [Warning] Access denied for user 'root'@'localhost' (using password: YES)
2026-04-26 20:33:55 31 [Warning] Access denied for user 'root'@'localhost' (using password: YES)
2026-04-26 20:33:56 32 [Warning] Access denied for user 'root'@'localhost' (using password: YES)
2026-04-26 20:33:57 33 [Warning] Access denied for user 'root'@'localhost' (using password: YES)
2026-04-26 20:33:58 34 [Warning] Access denied for user 'root'@'localhost' (using password: YES)
2026-04-26 20:33:59 35 [Warning] Access denied for user 'root'@'localhost' (using password: YES)
2026-04-26 20:34:00 36 [Warning] Access denied for user 'root'@'localhost' (using password: YES)
2026-04-26 20:34:01 37 [Warning] Access denied for user 'root'@'localhost' (using password: YES)
2026-04-26 20:34:03 38 [Warning] Access denied for user 'root'@'localhost' (using password: YES)
2026-04-26 20:34:04 39 [Warning] Access denied for user 'root'@'localhost' (using password: YES)
2026-04-26 20:34:05 40 [Warning] Access denied for user 'root'@'localhost' (using password: YES)
2026-04-26 20:34:06 41 [Warning] Access denied for user 'root'@'localhost' (using password: YES)
2026-04-26 20:34:07 42 [Warning] Access denied for user 'root'@'localhost' (using password: YES)
2026-04-26 20:34:08 43 [Warning] Access denied for user 'root'@'localhost' (using password: YES)
2026-04-26 20:34:09 44 [Warning] Access denied for user 'root'@'localhost' (using password: YES)
2026-04-26 20:34:10 45 [Warning] Access denied for user 'root'@'localhost' (using password: YES)
2026-04-26 20:34:11 46 [Warning] Access denied for user 'root'@'localhost' (using password: YES)
2026-04-26 20:34:12 47 [Warning] Access denied for user 'root'@'localhost' (using password: YES)
2026-04-26 20:34:13 48 [Warning] Access denied for user 'root'@'localhost' (using password: YES)
2026-04-26 20:34:14 49 [Warning] Access denied for user 'root'@'localhost' (using password: YES)
2026-04-26 20:34:15 50 [Warning] Access denied for user 'root'@'localhost' (using password: YES)
2026-04-26 20:34:16 51 [Warning] Access denied for user 'root'@'localhost' (using password: YES)
2026-04-26 20:34:17 52 [Warning] Access denied for user 'root'@'localhost' (using password: YES)
2026-04-26 20:34:18 53 [Warning] Access denied for user 'root'@'localhost' (using password: YES)
2026-04-26 20:34:19 54 [Warning] Access denied for user 'root'@'localhost' (using password: YES)
2026-04-26 20:34:20 55 [Warning] Access denied for user 'root'@'localhost' (using password: YES)
2026-04-26 20:34:21 56 [Warning] Access denied for user 'root'@'localhost' (using password: YES)
2026-04-26 20:34:22 57 [Warning] Access denied for user 'root'@'localhost' (using password: YES)
2026-04-26 20:34:23 58 [Warning] Access denied for user 'root'@'localhost' (using password: YES)
2026-04-26 20:34:24 59 [Warning] Access denied for user 'root'@'localhost' (using password: YES)
2026-04-26 20:34:25 60 [Warning] Access denied for user 'root'@'localhost' (using password: YES)
2026-04-26 20:34:26 61 [Warning] Access denied for user 'root'@'localhost' (using password: YES)
2026-04-26 20:34:27 62 [Warning] Access denied for user 'root'@'localhost' (using password: YES)
2026-04-26 20:34:28 63 [Warning] Access denied for user 'root'@'localhost' (using password: YES)
2026-04-26 20:34:29 64 [Warning] Access denied for user 'root'@'localhost' (using password: YES)
2026-04-26 20:34:30 65 [Warning] Access denied for user 'root'@'localhost' (using password: YES)
2026-04-26 20:34:31 66 [Warning] Access denied for user 'root'@'localhost' (using password: YES)
2026-04-26 20:34:32 67 [Warning] Access denied for user 'root'@'localhost' (using password: YES)
2026-04-26 20:34:34 68 [Warning] Access denied for user 'root'@'localhost' (using password: YES)
2026-04-26 20:34:35 69 [Warning] Access denied for user 'root'@'localhost' (using password: YES)
2026-04-26 20:34:36 70 [Warning] Access denied for user 'root'@'localhost' (using password: YES)
2026-04-26 20:34:37 71 [Warning] Access denied for user 'root'@'localhost' (using password: YES)
2026-04-26 20:34:38 72 [Warning] Access denied for user 'root'@'localhost' (using password: YES)
2026-04-26 20:34:39 73 [Warning] Access denied for user 'root'@'localhost' (using password: YES)
2026-04-26 20:34:40 74 [Warning] Access denied for user 'root'@'localhost' (using password: YES)
2026-04-26 20:34:41 75 [Warning] Access denied for user 'root'@'localhost' (using password: YES)
2026-04-26 20:34:42 76 [Warning] Access denied for user 'root'@'localhost' (using password: YES)
2026-04-26 20:34:43 77 [Warning] Access denied for user 'root'@'localhost' (using password: YES)
2026-04-26 20:34:44 78 [Warning] Access denied for user 'root'@'localhost' (using password: YES)
2026-04-26 20:34:45 79 [Warning] Access denied for user 'root'@'localhost' (using password: YES)
2026-04-26 20:34:46 80 [Warning] Access denied for user 'root'@'localhost' (using password: YES)
2026-04-26 20:34:47 81 [Warning] Access denied for user 'root'@'localhost' (using password: YES)
2026-04-26 20:34:48 82 [Warning] Access denied for user 'root'@'localhost' (using password: YES)
2026-04-26 20:34:49 83 [Warning] Access denied for user 'root'@'localhost' (using password: YES)
2026-04-26 20:34:50 84 [Warning] Access denied for user 'root'@'localhost' (using password: YES)
2026-04-26 20:34:51 85 [Warning] Access denied for user 'root'@'localhost' (using password: YES)
2026-04-26 20:34:52 86 [Warning] Access denied for user 'root'@'localhost' (using password: YES)
2026-04-26 20:34:53 87 [Warning] Access denied for user 'root'@'localhost' (using password: YES)
2026-04-26 20:34:54 88 [Warning] Access denied for user 'root'@'localhost' (using password: YES)
2026-04-26 20:34:55 89 [Warning] Access denied for user 'root'@'localhost' (using password: YES)
2026-04-26 20:34:56 90 [Warning] Access denied for user 'root'@'localhost' (using password: YES)
2026-04-26 20:34:57 91 [Warning] Access denied for user 'root'@'localhost' (using password: YES)
2026-04-26 20:34:58 92 [Warning] Access denied for user 'root'@'localhost' (using password: YES)
2026-04-26 20:34:59 93 [Warning] Access denied for user 'root'@'localhost' (using password: YES)
2026-04-26 20:35:00 94 [Warning] Access denied for user 'root'@'localhost' (using password: YES)
2026-04-26 20:35:01 95 [Warning] Access denied for user 'root'@'localhost' (using password: YES)
2026-04-26 20:35:02 96 [Warning] Access denied for user 'root'@'localhost' (using password: YES)
2026-04-26 20:35:03 97 [Warning] Access denied for user 'root'@'localhost' (using password: YES)
2026-04-26 20:35:05 98 [Warning] Access denied for user 'root'@'localhost' (using password: YES)
2026-04-26 20:35:06 99 [Warning] Access denied for user 'root'@'localhost' (using password: YES)
2026-04-26 20:35:07 100 [Warning] Access denied for user 'root'@'localhost' (using password: YES)
2026-04-26 20:35:08 101 [Warning] Access denied for user 'root'@'localhost' (using password: YES)
2026-04-26 20:35:09 102 [Warning] Access denied for user 'root'@'localhost' (using password: YES)
2026-04-26 20:35:10 103 [Warning] Access denied for user 'root'@'localhost' (using password: YES)
2026-04-26 20:35:11 104 [Warning] Access denied for user 'root'@'localhost' (using password: YES)
2026-04-26 20:35:12 105 [Warning] Access denied for user 'root'@'localhost' (using password: YES)
2026-04-26 20:35:13 106 [Warning] Access denied for user 'root'@'localhost' (using password: YES)
2026-04-26 20:35:14 107 [Warning] Access denied for user 'root'@'localhost' (using password: YES)
2026-04-26 20:35:15 108 [Warning] Access denied for user 'root'@'localhost' (using password: YES)
2026-04-26 20:35:16 109 [Warning] Access denied for user 'root'@'localhost' (using password: YES)
2026-04-26 20:35:17 110 [Warning] Access denied for user 'root'@'localhost' (using password: YES)
2026-04-26 20:35:18 111 [Warning] Access denied for user 'root'@'localhost' (using password: YES)
2026-04-26 20:35:19 112 [Warning] Access denied for user 'root'@'localhost' (using password: YES)
2026-04-26 20:35:20 113 [Warning] Access denied for user 'root'@'localhost' (using password: YES)
2026-04-26 20:35:21 114 [Warning] Access denied for user 'root'@'localhost' (using password: YES)
2026-04-26 20:35:23 115 [Warning] Access denied for user 'root'@'localhost' (using password: YES)
2026-04-26 20:35:24 116 [Warning] Access denied for user 'root'@'localhost' (using password: YES)
2026-04-26 20:35:25 117 [Warning] Access denied for user 'root'@'localhost' (using password: YES)
2026-04-26 20:35:26 118 [Warning] Access denied for user 'root'@'localhost' (using password: YES)
2026-04-26 20:35:27 119 [Warning] Access denied for user 'root'@'localhost' (using password: YES)
2026-04-26 20:35:27 120 [Warning] Access denied for user 'root'@'localhost' (using password: YES)
2026-04-26 20:35:28 121 [Warning] Access denied for user 'root'@'localhost' (using password: YES)
2026-04-26 20:35:30 122 [Warning] Access denied for user 'root'@'localhost' (using password: YES)
2026-04-26 20:35:31 123 [Warning] Access denied for user 'root'@'localhost' (using password: YES)
2026-04-26 20:35:32 124 [Warning] Access denied for user 'root'@'localhost' (using password: YES)
2026-04-26 20:35:33 125 [Warning] Access denied for user 'root'@'localhost' (using password: YES)
2026-04-26 20:35:34 126 [Warning] Access denied for user 'root'@'localhost' (using password: YES)
2026-04-26 20:35:35 127 [Warning] Access denied for user 'root'@'localhost' (using password: YES)
2026-04-26 20:35:36 128 [Warning] Access denied for user 'root'@'localhost' (using password: YES)
2026-04-26 20:35:37 129 [Warning] Access denied for user 'root'@'localhost' (using password: YES)
2026-04-26 20:35:38 130 [Warning] Access denied for user 'root'@'localhost' (using password: YES)
2026-04-26 20:35:39 131 [Warning] Access denied for user 'root'@'localhost' (using password: YES)
2026-04-26 20:35:40 132 [Warning] Access denied for user 'root'@'localhost' (using password: YES)
2026-04-26 20:35:41 133 [Warning] Access denied for user 'root'@'localhost' (using password: YES)
2026-04-26 20:35:42 134 [Warning] Access denied for user 'root'@'localhost' (using password: YES)
2026-04-26 20:35:43 135 [Warning] Access denied for user 'root'@'localhost' (using password: YES)
2026-04-26 20:35:44 136 [Warning] Access denied for user 'root'@'localhost' (using password: YES)
2026-04-26 20:35:45 137 [Warning] Access denied for user 'root'@'localhost' (using password: YES)
2026-04-26 20:35:46 138 [Warning] Access denied for user 'root'@'localhost' (using password: YES)
2026-04-26 20:35:47 139 [Warning] Access denied for user 'root'@'localhost' (using password: YES)
2026-04-26 20:35:48 140 [Warning] Access denied for user 'root'@'localhost' (using password: YES)
2026-04-26 20:35:49 141 [Warning] Access denied for user 'root'@'localhost' (using password: YES)
2026-04-26 20:35:50 142 [Warning] Access denied for user 'root'@'localhost' (using password: YES)
2026-04-26 20:35:51 143 [Warning] Access denied for user 'root'@'localhost' (using password: YES)
2026-04-26 20:35:52 144 [Warning] Access denied for user 'root'@'localhost' (using password: YES)
2026-04-26 20:35:53 145 [Warning] Access denied for user 'root'@'localhost' (using password: YES)
2026-04-26 20:35:54 146 [Warning] Access denied for user 'root'@'localhost' (using password: YES)
2026-04-26 20:35:55 147 [Warning] Access denied for user 'root'@'localhost' (using password: YES)
2026-04-26 20:35:56 148 [Warning] Access denied for user 'root'@'localhost' (using password: YES)
2026-04-26 20:35:57 149 [Warning] Access denied for user 'root'@'localhost' (using password: YES)
2026-04-26 20:35:58 150 [Warning] Access denied for user 'root'@'localhost' (using password: YES)
2026-04-26 20:35:59 151 [Warning] Access denied for user 'root'@'localhost' (using password: YES)
2026-04-26 20:36:00 152 [Warning] Access denied for user 'root'@'localhost' (using password: YES)
2026-04-26 20:36:01 153 [Warning] Access denied for user 'root'@'localhost' (using password: YES)
2026-04-26 20:36:02 154 [Warning] Access denied for user 'root'@'localhost' (using password: YES)
2026-04-26 20:36:03 155 [Warning] Access denied for user 'root'@'localhost' (using password: YES)
2026-04-26 20:36:04 156 [Warning] Access denied for user 'root'@'localhost' (using password: YES)
2026-04-26 20:36:05 157 [Warning] Access denied for user 'root'@'localhost' (using password: YES)
2026-04-26 20:36:07 158 [Warning] Access denied for user 'root'@'localhost' (using password: YES)
2026-04-26 20:36:08 159 [Warning] Access denied for user 'root'@'localhost' (using password: YES)
2026-04-26 20:36:09 160 [Warning] Access denied for user 'root'@'localhost' (using password: YES)
2026-04-26 20:36:10 161 [Warning] Access denied for user 'root'@'localhost' (using password: YES)
2026-04-26 20:36:11 162 [Warning] Access denied for user 'root'@'localhost' (using password: YES)
2026-04-26 20:36:12 163 [Warning] Access denied for user 'root'@'localhost' (using password: YES)
2026-04-26 20:36:13 164 [Warning] Access denied for user 'root'@'localhost' (using password: YES)
2026-04-26 20:36:14 165 [Warning] Access denied for user 'root'@'localhost' (using password: YES)
2026-04-26 20:36:15 166 [Warning] Access denied for user 'root'@'localhost' (using password: YES)
2026-04-26 20:36:16 167 [Warning] Access denied for user 'root'@'localhost' (using password: YES)
2026-04-26 20:36:17 168 [Warning] Access denied for user 'root'@'localhost' (using password: YES)
2026-04-26 20:36:18 169 [Warning] Access denied for user 'root'@'localhost' (using password: YES)
2026-04-26 20:36:19 170 [Warning] Access denied for user 'root'@'localhost' (using password: YES)
2026-04-26 20:36:20 171 [Warning] Access denied for user 'root'@'localhost' (using password: YES)
2026-04-26 20:36:21 172 [Warning] Access denied for user 'root'@'localhost' (using password: YES)
2026-04-26 20:36:22 173 [Warning] Access denied for user 'root'@'localhost' (using password: YES)
2026-04-26 20:36:23 174 [Warning] Access denied for user 'root'@'localhost' (using password: YES)
2026-04-26 20:36:24 175 [Warning] Access denied for user 'root'@'localhost' (using password: YES)
2026-04-26 20:36:25 176 [Warning] Access denied for user 'root'@'localhost' (using password: YES)
2026-04-26 20:36:26 177 [Warning] Access denied for user 'root'@'localhost' (using password: YES)
2026-04-26 20:36:27 178 [Warning] Access denied for user 'root'@'localhost' (using password: YES)
2026-04-26 20:36:28 179 [Warning] Access denied for user 'root'@'localhost' (using password: YES)
2026-04-26 20:36:29 180 [Warning] Access denied for user 'root'@'localhost' (using password: YES)
2026-04-26 20:36:30 181 [Warning] Access denied for user 'root'@'localhost' (using password: YES)
2026-04-26 20:36:31 182 [Warning] Access denied for user 'root'@'localhost' (using password: YES)
2026-04-26 20:36:32 183 [Warning] Access denied for user 'root'@'localhost' (using password: YES)
2026-04-26 20:36:33 184 [Warning] Access denied for user 'root'@'localhost' (using password: YES)
2026-04-26 20:36:34 185 [Warning] Access denied for user 'root'@'localhost' (using password: YES)
2026-04-26 20:36:35 186 [Warning] Access denied for user 'root'@'localhost' (using password: YES)
2026-04-26 20:36:36 187 [Warning] Access denied for user 'root'@'localhost' (using password: YES)
2026-04-26 20:36:37 188 [Warning] Access denied for user 'root'@'localhost' (using password: YES)
2026-04-26 20:36:38 189 [Warning] Access denied for user 'root'@'localhost' (using password: YES)
2026-04-26 20:36:39 190 [Warning] Access denied for user 'root'@'localhost' (using password: YES)
2026-04-26 20:40:10 0 [Note] Starting MariaDB 10.11.14-MariaDB source revision 053f9bcb5b147bf00edb99e1310bae9125b7f125 server_uid /X7gcitLwno0lOa5KukkjE4Q38k= as process 352
2026-04-26 20:40:11 0 [Note] InnoDB: Compressed tables use zlib 1.3.1
2026-04-26 20:40:11 0 [Note] InnoDB: Number of transaction pools: 1
2026-04-26 20:40:11 0 [Note] InnoDB: Using crc32 + pclmulqdq instructions
2026-04-26 20:40:11 0 [Note] mariadbd: O_TMPFILE is not supported on /var/tmp (disabling future attempts)
2026-04-26 20:40:11 0 [Note] InnoDB: Using Linux native AIO
2026-04-26 20:40:11 0 [Note] InnoDB: innodb_buffer_pool_size_max=128m, innodb_buffer_pool_size=128m
2026-04-26 20:40:11 0 [Note] InnoDB: Completed initialization of buffer pool
2026-04-26 20:40:11 0 [Note] InnoDB: Buffered log writes (block size=512 bytes)
2026-04-26 20:40:11 0 [Note] InnoDB: End of log at LSN=191691
2026-04-26 20:40:11 0 [Note] InnoDB: 128 rollback segments are active.
2026-04-26 20:40:11 0 [Note] InnoDB: Setting file './ibtmp1' size to 12.000MiB. Physically writing the file full; Please wait ...
2026-04-26 20:40:11 0 [Note] InnoDB: File './ibtmp1' size is now 12.000MiB.
2026-04-26 20:40:11 0 [Note] InnoDB: log sequence number 191691; transaction id 170
2026-04-26 20:40:11 0 [Note] InnoDB: Loading buffer pool(s) from /var/lib/mysql/ib_buffer_pool
2026-04-26 20:40:11 0 [Note] Plugin 'FEEDBACK' is disabled.
2026-04-26 20:40:11 0 [Note] Server socket created on IP: '0.0.0.0', port: '3306'.
2026-04-26 20:40:11 0 [Note] Server socket created on IP: '::', port: '3306'.
2026-04-26 20:40:11 0 [Note] /usr/bin/mariadbd: ready for connections.
Version: '10.11.14-MariaDB'  socket: '/run/mysqld/mysqld.sock'  port: 3306  Alpine Linux
2026-04-26 20:40:11 0 [Note] InnoDB: Buffer pool(s) load completed at 260426 20:40:11
2026-04-26 22:58:28 12 [Warning] Aborted connection 12 to db: 'pnbrad' user: 'root' host: 'localhost' (Got an error reading communication packets)
2026-04-26 22:58:28 10 [Warning] Aborted connection 10 to db: 'pnbrad' user: 'root' host: 'localhost' (Got an error reading communication packets)
2026-04-26 22:58:28 3 [Warning] Aborted connection 3 to db: 'pnbrad' user: 'root' host: 'localhost' (Got an error reading communication packets)
2026-04-26 22:58:28 11 [Warning] Aborted connection 11 to db: 'pnbrad' user: 'root' host: 'localhost' (Got an error reading communication packets)
2026-04-26 22:58:28 0 [Note] /usr/bin/mariadbd (initiated by: unknown): Normal shutdown
2026-04-26 22:58:28 0 [Note] InnoDB: FTS optimize thread exiting.
2026-04-26 22:58:29 0 [Note] InnoDB: Starting shutdown...
2026-04-26 22:58:29 0 [Note] InnoDB: Dumping buffer pool(s) to /var/lib/mysql/ib_buffer_pool
2026-04-26 22:58:29 0 [Note] InnoDB: Buffer pool(s) dump completed at 260426 22:58:29
2026-04-26 22:58:29 0 [Note] InnoDB: Removed temporary tablespace data file: "./ibtmp1"
2026-04-26 22:58:29 0 [Note] InnoDB: Shutdown completed; log sequence number 223424; transaction id 196
2026-04-26 22:58:29 0 [Note] /usr/bin/mariadbd: Shutdown complete
2026-04-26 22:58:54 0 [Note] Starting MariaDB 10.11.14-MariaDB source revision 053f9bcb5b147bf00edb99e1310bae9125b7f125 server_uid 0RWdK9lZ9CGxJDtJXP+l5fc/sOs= as process 352
2026-04-26 22:58:54 0 [Note] InnoDB: Compressed tables use zlib 1.3.1
2026-04-26 22:58:54 0 [Note] InnoDB: Number of transaction pools: 1
2026-04-26 22:58:54 0 [Note] InnoDB: Using crc32 + pclmulqdq instructions
2026-04-26 22:58:54 0 [Note] mariadbd: O_TMPFILE is not supported on /var/tmp (disabling future attempts)
2026-04-26 22:58:54 0 [Note] InnoDB: Using Linux native AIO
2026-04-26 22:58:54 0 [Note] InnoDB: innodb_buffer_pool_size_max=128m, innodb_buffer_pool_size=128m
2026-04-26 22:58:54 0 [Note] InnoDB: Completed initialization of buffer pool
2026-04-26 22:58:54 0 [Note] InnoDB: Buffered log writes (block size=512 bytes)
2026-04-26 22:58:54 0 [Note] InnoDB: End of log at LSN=194186
2026-04-26 22:58:55 0 [Note] InnoDB: 128 rollback segments are active.
2026-04-26 22:58:55 0 [Note] InnoDB: Setting file './ibtmp1' size to 12.000MiB. Physically writing the file full; Please wait ...
2026-04-26 22:58:55 0 [Note] InnoDB: File './ibtmp1' size is now 12.000MiB.
2026-04-26 22:58:55 0 [Note] InnoDB: log sequence number 194186; transaction id 170
2026-04-26 22:58:55 0 [Note] InnoDB: Loading buffer pool(s) from /var/lib/mysql/ib_buffer_pool
2026-04-26 22:58:55 0 [Note] Plugin 'FEEDBACK' is disabled.
2026-04-26 22:58:55 0 [Note] Server socket created on IP: '0.0.0.0', port: '3306'.
2026-04-26 22:58:55 0 [Note] Server socket created on IP: '::', port: '3306'.
2026-04-26 22:58:55 0 [Note] /usr/bin/mariadbd: ready for connections.
Version: '10.11.14-MariaDB'  socket: '/run/mysqld/mysqld.sock'  port: 3306  Alpine Linux
2026-04-26 22:58:55 0 [Note] InnoDB: Buffer pool(s) load completed at 260426 22:58:55
2026-04-26 23:03:09 3 [Warning] Aborted connection 3 to db: 'pnbrad' user: 'root' host: 'localhost' (Got an error reading communication packets)
2026-04-26 23:03:10 0 [Note] /usr/bin/mariadbd (initiated by: unknown): Normal shutdown
2026-04-26 23:03:10 0 [Note] InnoDB: FTS optimize thread exiting.
2026-04-26 23:03:10 0 [Note] InnoDB: Starting shutdown...
2026-04-26 23:03:10 0 [Note] InnoDB: Dumping buffer pool(s) to /var/lib/mysql/ib_buffer_pool
2026-04-26 23:03:10 0 [Note] InnoDB: Buffer pool(s) dump completed at 260426 23:03:10
2026-04-26 23:03:10 0 [Note] InnoDB: Removed temporary tablespace data file: "./ibtmp1"
2026-04-26 23:03:10 0 [Note] InnoDB: Shutdown completed; log sequence number 222900; transaction id 189
2026-04-26 23:03:10 0 [Note] /usr/bin/mariadbd: Shutdown complete
2026-04-26 23:03:20 0 [Note] Starting MariaDB 10.11.14-MariaDB source revision 053f9bcb5b147bf00edb99e1310bae9125b7f125 server_uid V2vdVkMAtPuHubWEbQRE0IcRuGA= as process 255
2026-04-26 23:03:20 0 [Note] InnoDB: Compressed tables use zlib 1.3.1
2026-04-26 23:03:20 0 [Note] InnoDB: Number of transaction pools: 1
2026-04-26 23:03:20 0 [Note] InnoDB: Using crc32 + pclmulqdq instructions
2026-04-26 23:03:20 0 [Note] mariadbd: O_TMPFILE is not supported on /var/tmp (disabling future attempts)
2026-04-26 23:03:20 0 [Note] InnoDB: Using Linux native AIO
2026-04-26 23:03:20 0 [Note] InnoDB: innodb_buffer_pool_size_max=128m, innodb_buffer_pool_size=128m
2026-04-26 23:03:20 0 [Note] InnoDB: Completed initialization of buffer pool
2026-04-26 23:03:20 0 [Note] InnoDB: Buffered log writes (block size=512 bytes)
2026-04-26 23:03:20 0 [Note] InnoDB: End of log at LSN=222900
2026-04-26 23:03:20 0 [Note] InnoDB: 128 rollback segments are active.
2026-04-26 23:03:20 0 [Note] InnoDB: Setting file './ibtmp1' size to 12.000MiB. Physically writing the file full; Please wait ...
2026-04-26 23:03:20 0 [Note] InnoDB: File './ibtmp1' size is now 12.000MiB.
2026-04-26 23:03:20 0 [Note] InnoDB: log sequence number 222900; transaction id 187
2026-04-26 23:03:20 0 [Note] InnoDB: Loading buffer pool(s) from /var/lib/mysql/ib_buffer_pool
2026-04-26 23:03:20 0 [Note] Plugin 'FEEDBACK' is disabled.
2026-04-26 23:03:20 0 [Note] Server socket created on IP: '0.0.0.0', port: '3306'.
2026-04-26 23:03:20 0 [Note] Server socket created on IP: '::', port: '3306'.
2026-04-26 23:03:20 0 [Note] InnoDB: Buffer pool(s) load completed at 260426 23:03:20
2026-04-26 23:03:20 0 [Note] /usr/bin/mariadbd: ready for connections.
Version: '10.11.14-MariaDB'  socket: '/run/mysqld/mysqld.sock'  port: 3306  Alpine Linux
2026-04-26 23:05:23 3 [Warning] Aborted connection 3 to db: 'pnbrad' user: 'root' host: 'localhost' (Got an error reading communication packets)
2026-04-26 23:05:24 0 [Note] /usr/bin/mariadbd (initiated by: unknown): Normal shutdown
2026-04-26 23:05:24 0 [Note] InnoDB: FTS optimize thread exiting.
2026-04-26 23:05:24 0 [Note] InnoDB: Starting shutdown...
2026-04-26 23:05:24 0 [Note] InnoDB: Dumping buffer pool(s) to /var/lib/mysql/ib_buffer_pool
2026-04-26 23:05:24 0 [Note] InnoDB: Buffer pool(s) dump completed at 260426 23:05:24
2026-04-26 23:05:24 0 [Note] InnoDB: Removed temporary tablespace data file: "./ibtmp1"
2026-04-26 23:05:24 0 [Note] InnoDB: Shutdown completed; log sequence number 222900; transaction id 195
2026-04-26 23:05:24 0 [Note] /usr/bin/mariadbd: Shutdown complete
2026-04-26 23:05:49 0 [Note] Starting MariaDB 10.11.14-MariaDB source revision 053f9bcb5b147bf00edb99e1310bae9125b7f125 server_uid nTaDzml2q4R0hi7IT2yFvQ1ruMI= as process 352
2026-04-26 23:05:49 0 [Note] InnoDB: Compressed tables use zlib 1.3.1
2026-04-26 23:05:49 0 [Note] InnoDB: Number of transaction pools: 1
2026-04-26 23:05:49 0 [Note] InnoDB: Using crc32 + pclmulqdq instructions
2026-04-26 23:05:49 0 [Note] mariadbd: O_TMPFILE is not supported on /var/tmp (disabling future attempts)
2026-04-26 23:05:49 0 [Note] InnoDB: Using Linux native AIO
2026-04-26 23:05:49 0 [Note] InnoDB: innodb_buffer_pool_size_max=128m, innodb_buffer_pool_size=128m
2026-04-26 23:05:49 0 [Note] InnoDB: Completed initialization of buffer pool
2026-04-26 23:05:49 0 [Note] InnoDB: Buffered log writes (block size=512 bytes)
2026-04-26 23:05:49 0 [Note] InnoDB: End of log at LSN=190894
2026-04-26 23:05:49 0 [Note] InnoDB: 128 rollback segments are active.
2026-04-26 23:05:49 0 [Note] InnoDB: Setting file './ibtmp1' size to 12.000MiB. Physically writing the file full; Please wait ...
2026-04-26 23:05:49 0 [Note] InnoDB: File './ibtmp1' size is now 12.000MiB.
2026-04-26 23:05:49 0 [Note] InnoDB: log sequence number 190894; transaction id 170
2026-04-26 23:05:49 0 [Note] InnoDB: Loading buffer pool(s) from /var/lib/mysql/ib_buffer_pool
2026-04-26 23:05:49 0 [Note] Plugin 'FEEDBACK' is disabled.
2026-04-26 23:05:49 0 [Note] Server socket created on IP: '0.0.0.0', port: '3306'.
2026-04-26 23:05:49 0 [Note] Server socket created on IP: '::', port: '3306'.
2026-04-26 23:05:49 0 [Note] /usr/bin/mariadbd: ready for connections.
Version: '10.11.14-MariaDB'  socket: '/run/mysqld/mysqld.sock'  port: 3306  Alpine Linux
2026-04-26 23:05:49 0 [Note] InnoDB: Buffer pool(s) load completed at 260426 23:05:49
2026-04-26 23:28:44 10 [Warning] Aborted connection 10 to db: 'pnbrad' user: 'root' host: 'localhost' (Got an error reading communication packets)
2026-04-26 23:28:44 3 [Warning] Aborted connection 3 to db: 'pnbrad' user: 'root' host: 'localhost' (Got an error reading communication packets)
2026-04-26 23:28:44 0 [Note] /usr/bin/mariadbd (initiated by: unknown): Normal shutdown
2026-04-26 23:28:44 0 [Note] InnoDB: FTS optimize thread exiting.
2026-04-26 23:28:44 0 [Note] InnoDB: Starting shutdown...
2026-04-26 23:28:44 0 [Note] InnoDB: Dumping buffer pool(s) to /var/lib/mysql/ib_buffer_pool
2026-04-26 23:28:44 0 [Note] InnoDB: Buffer pool(s) dump completed at 260426 23:28:44
2026-04-26 23:28:48 0 [Note] InnoDB: Removed temporary tablespace data file: "./ibtmp1"
2026-04-26 23:28:48 0 [Note] InnoDB: Shutdown completed; log sequence number 222953; transaction id 194
2026-04-26 23:28:48 0 [Note] /usr/bin/mariadbd: Shutdown complete
2026-04-26 23:32:27 0 [Note] Starting MariaDB 10.11.14-MariaDB source revision 053f9bcb5b147bf00edb99e1310bae9125b7f125 server_uid WVso9AQ3nzZSLASaLAX4SFdAcsk= as process 353
2026-04-26 23:32:28 0 [Note] InnoDB: Compressed tables use zlib 1.3.1
2026-04-26 23:32:28 0 [Note] InnoDB: Number of transaction pools: 1
2026-04-26 23:32:28 0 [Note] InnoDB: Using crc32 + pclmulqdq instructions
2026-04-26 23:32:28 0 [Note] mariadbd: O_TMPFILE is not supported on /var/tmp (disabling future attempts)
2026-04-26 23:32:28 0 [Note] InnoDB: Using Linux native AIO
2026-04-26 23:32:28 0 [Note] InnoDB: innodb_buffer_pool_size_max=128m, innodb_buffer_pool_size=128m
2026-04-26 23:32:28 0 [Note] InnoDB: Completed initialization of buffer pool
2026-04-26 23:32:28 0 [Note] InnoDB: Buffered log writes (block size=512 bytes)
2026-04-26 23:32:28 0 [Note] InnoDB: End of log at LSN=198796
2026-04-26 23:32:29 0 [Note] InnoDB: 128 rollback segments are active.
2026-04-26 23:32:29 0 [Note] InnoDB: Setting file './ibtmp1' size to 12.000MiB. Physically writing the file full; Please wait ...
2026-04-26 23:32:29 0 [Note] InnoDB: File './ibtmp1' size is now 12.000MiB.
2026-04-26 23:32:29 0 [Note] InnoDB: log sequence number 198796; transaction id 170
2026-04-26 23:32:29 0 [Note] InnoDB: Loading buffer pool(s) from /var/lib/mysql/ib_buffer_pool
2026-04-26 23:32:29 0 [Note] Plugin 'FEEDBACK' is disabled.
2026-04-26 23:32:29 0 [Note] Server socket created on IP: '0.0.0.0', port: '3306'.
2026-04-26 23:32:29 0 [Note] Server socket created on IP: '::', port: '3306'.
2026-04-26 23:32:29 0 [Note] /usr/bin/mariadbd: ready for connections.
Version: '10.11.14-MariaDB'  socket: '/run/mysqld/mysqld.sock'  port: 3306  Alpine Linux
2026-04-26 23:32:29 0 [Note] InnoDB: Buffer pool(s) load completed at 260426 23:32:29
2026-04-27  8:26:40 9 [Warning] Aborted connection 9 to db: 'pnbrad' user: 'root' host: 'localhost' (Got an error reading communication packets)
2026-04-27  8:26:40 10 [Warning] Aborted connection 10 to db: 'pnbrad' user: 'root' host: 'localhost' (Got an error reading communication packets)
2026-04-27  8:26:40 11 [Warning] Aborted connection 11 to db: 'pnbrad' user: 'root' host: 'localhost' (Got an error reading communication packets)
2026-04-27  8:26:41 0 [Note] /usr/bin/mariadbd (initiated by: unknown): Normal shutdown
2026-04-27  8:26:41 0 [Note] InnoDB: FTS optimize thread exiting.
2026-04-27  8:26:42 0 [Note] InnoDB: Starting shutdown...
2026-04-27  8:26:42 0 [Note] InnoDB: Dumping buffer pool(s) to /var/lib/mysql/ib_buffer_pool
2026-04-27  8:26:42 0 [Note] InnoDB: Buffer pool(s) dump completed at 260427  8:26:42
2026-04-27  8:26:42 0 [Note] InnoDB: Removed temporary tablespace data file: "./ibtmp1"
2026-04-27  8:26:42 0 [Note] InnoDB: Shutdown completed; log sequence number 223814; transaction id 194
2026-04-27  8:26:42 0 [Note] /usr/bin/mariadbd: Shutdown complete
2026-04-27  8:26:56 0 [Note] Starting MariaDB 10.11.14-MariaDB source revision 053f9bcb5b147bf00edb99e1310bae9125b7f125 server_uid y+ohMoVUeqlPPsY7YFhaqPdKbx0= as process 256
2026-04-27  8:26:57 0 [Note] InnoDB: Compressed tables use zlib 1.3.1
2026-04-27  8:26:57 0 [Note] InnoDB: Number of transaction pools: 1
2026-04-27  8:26:57 0 [Note] InnoDB: Using crc32 + pclmulqdq instructions
2026-04-27  8:26:57 0 [Note] mariadbd: O_TMPFILE is not supported on /var/tmp (disabling future attempts)
2026-04-27  8:26:58 0 [Note] InnoDB: Using Linux native AIO
2026-04-27  8:26:58 0 [Note] InnoDB: innodb_buffer_pool_size_max=128m, innodb_buffer_pool_size=128m
2026-04-27  8:26:58 0 [Note] InnoDB: Completed initialization of buffer pool
2026-04-27  8:26:58 0 [Note] InnoDB: Buffered log writes (block size=512 bytes)
2026-04-27  8:26:58 0 [Note] InnoDB: End of log at LSN=223814
2026-04-27  8:26:59 0 [Note] InnoDB: 128 rollback segments are active.
2026-04-27  8:26:59 0 [Note] InnoDB: Setting file './ibtmp1' size to 12.000MiB. Physically writing the file full; Please wait ...
2026-04-27  8:26:59 0 [Note] InnoDB: File './ibtmp1' size is now 12.000MiB.
2026-04-27  8:26:59 0 [Note] InnoDB: log sequence number 223814; transaction id 195
2026-04-27  8:26:59 0 [Note] InnoDB: Loading buffer pool(s) from /var/lib/mysql/ib_buffer_pool
2026-04-27  8:26:59 0 [Note] Plugin 'FEEDBACK' is disabled.
2026-04-27  8:26:59 0 [Note] Server socket created on IP: '0.0.0.0', port: '3306'.
2026-04-27  8:26:59 0 [Note] Server socket created on IP: '::', port: '3306'.
2026-04-27  8:26:59 0 [Note] InnoDB: Buffer pool(s) load completed at 260427  8:26:59
2026-04-27  8:26:59 0 [Note] /usr/bin/mariadbd: ready for connections.
Version: '10.11.14-MariaDB'  socket: '/run/mysqld/mysqld.sock'  port: 3306  Alpine Linux
2026-04-27  9:29:01 11 [Warning] Aborted connection 11 to db: 'pnbrad' user: 'root' host: 'localhost' (Got an error reading communication packets)
2026-04-27  9:29:01 10 [Warning] Aborted connection 10 to db: 'pnbrad' user: 'root' host: 'localhost' (Got an error reading communication packets)
2026-04-27  9:29:01 3 [Warning] Aborted connection 3 to db: 'pnbrad' user: 'root' host: 'localhost' (Got an error reading communication packets)
2026-04-27  9:31:16 0 [Note] Starting MariaDB 10.11.14-MariaDB source revision 053f9bcb5b147bf00edb99e1310bae9125b7f125 server_uid zZbV1ENSclotxFFZD2pQ9eqi2fs= as process 349
2026-04-27  9:31:16 0 [Note] InnoDB: Compressed tables use zlib 1.3.1
2026-04-27  9:31:16 0 [Note] InnoDB: Number of transaction pools: 1
2026-04-27  9:31:16 0 [Note] InnoDB: Using crc32 + pclmulqdq instructions
2026-04-27  9:31:16 0 [Note] mariadbd: O_TMPFILE is not supported on /var/tmp (disabling future attempts)
2026-04-27  9:31:16 0 [Note] InnoDB: Using Linux native AIO
2026-04-27  9:31:16 0 [Note] InnoDB: innodb_buffer_pool_size_max=128m, innodb_buffer_pool_size=128m
2026-04-27  9:31:16 0 [Note] InnoDB: Completed initialization of buffer pool
2026-04-27  9:31:16 0 [Note] InnoDB: Buffered log writes (block size=512 bytes)
2026-04-27  9:31:16 0 [Note] InnoDB: End of log at LSN=167307
2026-04-27  9:31:16 0 [Note] InnoDB: 128 rollback segments are active.
2026-04-27  9:31:16 0 [Note] InnoDB: Setting file './ibtmp1' size to 12.000MiB. Physically writing the file full; Please wait ...
2026-04-27  9:31:16 0 [Note] InnoDB: File './ibtmp1' size is now 12.000MiB.
2026-04-27  9:31:16 0 [Note] InnoDB: log sequence number 167307; transaction id 135
2026-04-27  9:31:16 0 [Note] InnoDB: Loading buffer pool(s) from /var/lib/mysql/ib_buffer_pool
2026-04-27  9:31:16 0 [Note] Plugin 'FEEDBACK' is disabled.
2026-04-27  9:31:16 0 [Note] Server socket created on IP: '0.0.0.0', port: '3306'.
2026-04-27  9:31:16 0 [Note] Server socket created on IP: '::', port: '3306'.
2026-04-27  9:31:16 0 [Note] /usr/bin/mariadbd: ready for connections.
Version: '10.11.14-MariaDB'  socket: '/run/mysqld/mysqld.sock'  port: 3306  Alpine Linux
2026-04-27  9:31:16 0 [Note] InnoDB: Buffer pool(s) load completed at 260427  9:31:16
2026-04-27  9:37:43 12 [Warning] Aborted connection 12 to db: 'pnbrad' user: 'root' host: 'localhost' (Got an error reading communication packets)
2026-04-27  9:37:43 10 [Warning] Aborted connection 10 to db: 'pnbrad' user: 'root' host: 'localhost' (Got an error reading communication packets)
2026-04-27  9:37:43 13 [Warning] Aborted connection 13 to db: 'pnbrad' user: 'root' host: 'localhost' (Got an error reading communication packets)
2026-04-27  9:37:43 9 [Warning] Aborted connection 9 to db: 'pnbrad' user: 'root' host: 'localhost' (Got an error reading communication packets)
2026-04-27  9:37:43 11 [Warning] Aborted connection 11 to db: 'pnbrad' user: 'root' host: 'localhost' (Got an error reading communication packets)
2026-04-27  9:37:43 0 [Note] /usr/bin/mariadbd (initiated by: unknown): Normal shutdown
2026-04-27  9:37:43 0 [Note] InnoDB: FTS optimize thread exiting.
2026-04-27  9:37:43 0 [Note] InnoDB: Starting shutdown...
2026-04-27  9:37:43 0 [Note] InnoDB: Dumping buffer pool(s) to /var/lib/mysql/ib_buffer_pool
2026-04-27  9:37:43 0 [Note] InnoDB: Buffer pool(s) dump completed at 260427  9:37:43
2026-04-27  9:37:44 0 [Note] InnoDB: Removed temporary tablespace data file: "./ibtmp1"
2026-04-27  9:37:44 0 [Note] InnoDB: Shutdown completed; log sequence number 193585; transaction id 170
2026-04-27  9:37:44 0 [Note] /usr/bin/mariadbd: Shutdown complete
2026-04-27  9:39:47 0 [Note] Starting MariaDB 10.11.14-MariaDB source revision 053f9bcb5b147bf00edb99e1310bae9125b7f125 server_uid MZ1uaCWwYyayggcfhLN3k8VWrmw= as process 352
2026-04-27  9:39:48 0 [Note] InnoDB: Compressed tables use zlib 1.3.1
2026-04-27  9:39:48 0 [Note] InnoDB: Number of transaction pools: 1
2026-04-27  9:39:48 0 [Note] InnoDB: Using crc32 + pclmulqdq instructions
2026-04-27  9:39:48 0 [Note] mariadbd: O_TMPFILE is not supported on /var/tmp (disabling future attempts)
2026-04-27  9:39:48 0 [Note] InnoDB: Using Linux native AIO
2026-04-27  9:39:48 0 [Note] InnoDB: innodb_buffer_pool_size_max=128m, innodb_buffer_pool_size=128m
2026-04-27  9:39:48 0 [Note] InnoDB: Completed initialization of buffer pool
2026-04-27  9:39:48 0 [Note] InnoDB: Buffered log writes (block size=512 bytes)
2026-04-27  9:39:48 0 [Note] InnoDB: End of log at LSN=168960
2026-04-27  9:39:49 0 [Note] InnoDB: 128 rollback segments are active.
2026-04-27  9:39:49 0 [Note] InnoDB: Setting file './ibtmp1' size to 12.000MiB. Physically writing the file full; Please wait ...
2026-04-27  9:39:49 0 [Note] InnoDB: File './ibtmp1' size is now 12.000MiB.
2026-04-27  9:39:49 0 [Note] InnoDB: log sequence number 168960; transaction id 135
2026-04-27  9:39:49 0 [Note] InnoDB: Loading buffer pool(s) from /var/lib/mysql/ib_buffer_pool
2026-04-27  9:39:49 0 [Note] Plugin 'FEEDBACK' is disabled.
2026-04-27  9:39:49 0 [Note] Server socket created on IP: '0.0.0.0', port: '3306'.
2026-04-27  9:39:49 0 [Note] Server socket created on IP: '::', port: '3306'.
2026-04-27  9:39:49 0 [Note] /usr/bin/mariadbd: ready for connections.
Version: '10.11.14-MariaDB'  socket: '/run/mysqld/mysqld.sock'  port: 3306  Alpine Linux
2026-04-27  9:39:49 0 [Note] InnoDB: Buffer pool(s) load completed at 260427  9:39:49
2026-04-27  9:47:24 11 [Warning] Aborted connection 11 to db: 'pnbrad' user: 'root' host: 'localhost' (Got an error reading communication packets)
2026-04-27  9:47:24 12 [Warning] Aborted connection 12 to db: 'pnbrad' user: 'root' host: 'localhost' (Got an error reading communication packets)
2026-04-27  9:47:24 10 [Warning] Aborted connection 10 to db: 'pnbrad' user: 'root' host: 'localhost' (Got an error reading communication packets)
2026-04-27  9:47:24 9 [Warning] Aborted connection 9 to db: 'pnbrad' user: 'root' host: 'localhost' (Got an error reading communication packets)
2026-04-27  9:47:24 0 [Note] /usr/bin/mariadbd (initiated by: unknown): Normal shutdown
2026-04-27  9:47:24 0 [Note] InnoDB: FTS optimize thread exiting.
2026-04-27  9:47:24 0 [Note] InnoDB: Starting shutdown...
2026-04-27  9:47:24 0 [Note] InnoDB: Dumping buffer pool(s) to /var/lib/mysql/ib_buffer_pool
2026-04-27  9:47:24 0 [Note] InnoDB: Buffer pool(s) dump completed at 260427  9:47:24
2026-04-27  9:47:24 0 [Note] InnoDB: Removed temporary tablespace data file: "./ibtmp1"
2026-04-27  9:47:24 0 [Note] InnoDB: Shutdown completed; log sequence number 198268; transaction id 166
2026-04-27  9:47:24 0 [Note] /usr/bin/mariadbd: Shutdown complete
2026-04-27  9:49:13 0 [Note] Starting MariaDB 10.11.14-MariaDB source revision 053f9bcb5b147bf00edb99e1310bae9125b7f125 server_uid AItH2gI5kw8Xqax4ULEi29V9EZg= as process 352
2026-04-27  9:49:13 0 [Note] InnoDB: Compressed tables use zlib 1.3.1
2026-04-27  9:49:13 0 [Note] InnoDB: Number of transaction pools: 1
2026-04-27  9:49:13 0 [Note] InnoDB: Using crc32 + pclmulqdq instructions
2026-04-27  9:49:13 0 [Note] mariadbd: O_TMPFILE is not supported on /var/tmp (disabling future attempts)
2026-04-27  9:49:13 0 [Note] InnoDB: Using Linux native AIO
2026-04-27  9:49:13 0 [Note] InnoDB: innodb_buffer_pool_size_max=128m, innodb_buffer_pool_size=128m
2026-04-27  9:49:13 0 [Note] InnoDB: Completed initialization of buffer pool
2026-04-27  9:49:13 0 [Note] InnoDB: Buffered log writes (block size=512 bytes)
2026-04-27  9:49:13 0 [Note] InnoDB: End of log at LSN=159958
2026-04-27  9:49:14 0 [Note] InnoDB: 128 rollback segments are active.
2026-04-27  9:49:14 0 [Note] InnoDB: Setting file './ibtmp1' size to 12.000MiB. Physically writing the file full; Please wait ...
2026-04-27  9:49:14 0 [Note] InnoDB: File './ibtmp1' size is now 12.000MiB.
2026-04-27  9:49:14 0 [Note] InnoDB: log sequence number 159958; transaction id 135
2026-04-27  9:49:14 0 [Note] InnoDB: Loading buffer pool(s) from /var/lib/mysql/ib_buffer_pool
2026-04-27  9:49:14 0 [Note] Plugin 'FEEDBACK' is disabled.
2026-04-27  9:49:14 0 [Note] Server socket created on IP: '0.0.0.0', port: '3306'.
2026-04-27  9:49:14 0 [Note] Server socket created on IP: '::', port: '3306'.
2026-04-27  9:49:14 0 [Note] /usr/bin/mariadbd: ready for connections.
Version: '10.11.14-MariaDB'  socket: '/run/mysqld/mysqld.sock'  port: 3306  Alpine Linux
2026-04-27  9:49:14 0 [Note] InnoDB: Buffer pool(s) load completed at 260427  9:49:14
2026-04-27 10:31:03 11 [Warning] Aborted connection 11 to db: 'pnbrad' user: 'root' host: 'localhost' (Got an error reading communication packets)
2026-04-27 10:31:03 10 [Warning] Aborted connection 10 to db: 'pnbrad' user: 'root' host: 'localhost' (Got an error reading communication packets)
2026-04-27 10:31:03 12 [Warning] Aborted connection 12 to db: 'pnbrad' user: 'root' host: 'localhost' (Got an error reading communication packets)
2026-04-27 10:31:03 3 [Warning] Aborted connection 3 to db: 'pnbrad' user: 'root' host: 'localhost' (Got an error reading communication packets)
2026-04-27 10:31:04 0 [Note] /usr/bin/mariadbd (initiated by: unknown): Normal shutdown
2026-04-27 10:31:04 0 [Note] InnoDB: FTS optimize thread exiting.
2026-04-27 10:31:04 0 [Note] InnoDB: Starting shutdown...
2026-04-27 10:31:05 0 [Note] InnoDB: Dumping buffer pool(s) to /var/lib/mysql/ib_buffer_pool
2026-04-27 10:31:05 0 [Note] InnoDB: Buffer pool(s) dump completed at 260427 10:31:05
